// Jest Snapshot v1, https://goo.gl/fbAQLP

exports[`SettingPage <SettingPage/> - should render SettingPage component correctly 1`] = `ShallowWrapper {}`;
