// Jest Snapshot v1, https://goo.gl/fbAQLP

exports[`ErrorBoundary <ErrorBoundary/> - should render errorBoundary component correctly 1`] = `ShallowWrapper {}`;
