// Jest Snapshot v1, https://goo.gl/fbAQLP

exports[`MainLayout <MainLayout/> - should render mainLayout component correctly 1`] = `ShallowWrapper {}`;
