// Jest Snapshot v1, https://goo.gl/fbAQLP

exports[`PageLoading <PageLoading/> - should render pageLoading component correctly 1`] = `ShallowWrapper {}`;
