// Jest Snapshot v1, https://goo.gl/fbAQLP

exports[`Header <Header/> - should render header component correctly 1`] = `ShallowWrapper {}`;
