// Jest Snapshot v1, https://goo.gl/fbAQLP

exports[`MainMenu <MainMenu/> - should render MainMenu component correctly 1`] = `ShallowWrapper {}`;
