// Jest Snapshot v1, https://goo.gl/fbAQLP

exports[`Menu <Menu/> - should render Menu component correctly 1`] = `ShallowWrapper {}`;
