// Jest Snapshot v1, https://goo.gl/fbAQLP

exports[`MenuLeft <MenuLeft/> - should render MenuLeft component correctly 1`] = `ShallowWrapper {}`;
