// Jest Snapshot v1, https://goo.gl/fbAQLP

exports[`MenuTop <MenuTop/> - should render MenuTop component correctly 1`] = `ShallowWrapper {}`;
