// Jest Snapshot v1, https://goo.gl/fbAQLP

exports[`HomePage <HomePage/> - should render HomePage component correctly 1`] = `ShallowWrapper {}`;
