// Jest Snapshot v1, https://goo.gl/fbAQLP

exports[`Footer <Footer/> - should render footer component correctly 1`] = `ReactWrapper {}`;
