// Jest Snapshot v1, https://goo.gl/fbAQLP

exports[`SettingContentHeader <SettingContentHeader/> - should render SettingContentHeader component correctly 1`] = `ReactWrapper {}`;
