// Jest Snapshot v1, https://goo.gl/fbAQLP

exports[`SettingTabs <SettingTabs/> - should render SettingTabs component correctly 1`] = `ShallowWrapper {}`;
